  Determining projects to restore...
  All projects are up-to-date for restore.
C:\Users\BGiantMountain\Documents\GitHub\ShortcutManagerTool\MainWindow.xaml.cs(497,50): warning CS8612: Nullability of reference types in type of 'event PropertyChangedEventHandler ExeFileItem.PropertyChanged' doesn't match implicitly implemented member 'event PropertyChangedEventHandler? INotifyPropertyChanged.PropertyChanged'. [C:\Users\BGiantMountain\Documents\GitHub\ShortcutManagerTool\ShortcutManager.csproj]
C:\Users\BGiantMountain\Documents\GitHub\ShortcutManagerTool\MainWindow.xaml.cs(502,23): warning CS8618: Non-nullable property 'Name' must contain a non-null value when exiting constructor. Consider adding the 'required' modifier or declaring the property as nullable. [C:\Users\BGiantMountain\Documents\GitHub\ShortcutManagerTool\ShortcutManager.csproj]
C:\Users\BGiantMountain\Documents\GitHub\ShortcutManagerTool\MainWindow.xaml.cs(503,23): warning CS8618: Non-nullable property 'TargetPath' must contain a non-null value when exiting constructor. Consider adding the 'required' modifier or declaring the property as nullable. [C:\Users\BGiantMountain\Documents\GitHub\ShortcutManagerTool\ShortcutManager.csproj]
C:\Users\BGiantMountain\Documents\GitHub\ShortcutManagerTool\MainWindow.xaml.cs(504,23): warning CS8618: Non-nullable property 'ShortcutPath' must contain a non-null value when exiting constructor. Consider adding the 'required' modifier or declaring the property as nullable. [C:\Users\BGiantMountain\Documents\GitHub\ShortcutManagerTool\ShortcutManager.csproj]
C:\Users\BGiantMountain\Documents\GitHub\ShortcutManagerTool\MainWindow.xaml.cs(473,23): warning CS8618: Non-nullable property 'FolderName' must contain a non-null value when exiting constructor. Consider adding the 'required' modifier or declaring the property as nullable. [C:\Users\BGiantMountain\Documents\GitHub\ShortcutManagerTool\ShortcutManager.csproj]
C:\Users\BGiantMountain\Documents\GitHub\ShortcutManagerTool\MainWindow.xaml.cs(479,23): warning CS8618: Non-nullable property 'RelativePath' must contain a non-null value when exiting constructor. Consider adding the 'required' modifier or declaring the property as nullable. [C:\Users\BGiantMountain\Documents\GitHub\ShortcutManagerTool\ShortcutManager.csproj]
C:\Users\BGiantMountain\Documents\GitHub\ShortcutManagerTool\MainWindow.xaml.cs(480,23): warning CS8618: Non-nullable property 'FullPath' must contain a non-null value when exiting constructor. Consider adding the 'required' modifier or declaring the property as nullable. [C:\Users\BGiantMountain\Documents\GitHub\ShortcutManagerTool\ShortcutManager.csproj]
C:\Users\BGiantMountain\Documents\GitHub\ShortcutManagerTool\MainWindow.xaml.cs(481,23): warning CS8618: Non-nullable property 'FileName' must contain a non-null value when exiting constructor. Consider adding the 'required' modifier or declaring the property as nullable. [C:\Users\BGiantMountain\Documents\GitHub\ShortcutManagerTool\ShortcutManager.csproj]
C:\Users\BGiantMountain\Documents\GitHub\ShortcutManagerTool\MainWindow.xaml.cs(483,24): warning CS8618: Non-nullable field '_customName' must contain a non-null value when exiting constructor. Consider adding the 'required' modifier or declaring the field as nullable. [C:\Users\BGiantMountain\Documents\GitHub\ShortcutManagerTool\ShortcutManager.csproj]
C:\Users\BGiantMountain\Documents\GitHub\ShortcutManagerTool\MainWindow.xaml.cs(497,50): warning CS8618: Non-nullable event 'PropertyChanged' must contain a non-null value when exiting constructor. Consider adding the 'required' modifier or declaring the event as nullable. [C:\Users\BGiantMountain\Documents\GitHub\ShortcutManagerTool\ShortcutManager.csproj]
C:\Users\BGiantMountain\Documents\GitHub\ShortcutManagerTool\MainWindow.xaml.cs(35,16): warning CS8618: Non-nullable field '_systemDrives' must contain a non-null value when exiting constructor. Consider adding the 'required' modifier or declaring the field as nullable. [C:\Users\BGiantMountain\Documents\GitHub\ShortcutManagerTool\ShortcutManager.csproj]
C:\Users\BGiantMountain\Documents\GitHub\ShortcutManagerTool\MainWindow.xaml.cs(63,65): error CS0104: 'ColorConverter' is an ambiguous reference between 'System.Drawing.ColorConverter' and 'System.Windows.Media.ColorConverter' [C:\Users\BGiantMountain\Documents\GitHub\ShortcutManagerTool\ShortcutManager.csproj]
C:\Users\BGiantMountain\Documents\GitHub\ShortcutManagerTool\MainWindow.xaml.cs(63,59): error CS0104: 'Color' is an ambiguous reference between 'System.Drawing.Color' and 'System.Windows.Media.Color' [C:\Users\BGiantMountain\Documents\GitHub\ShortcutManagerTool\ShortcutManager.csproj]
C:\Users\BGiantMountain\Documents\GitHub\ShortcutManagerTool\MainWindow.xaml.cs(69,65): error CS0104: 'ColorConverter' is an ambiguous reference between 'System.Drawing.ColorConverter' and 'System.Windows.Media.ColorConverter' [C:\Users\BGiantMountain\Documents\GitHub\ShortcutManagerTool\ShortcutManager.csproj]
C:\Users\BGiantMountain\Documents\GitHub\ShortcutManagerTool\MainWindow.xaml.cs(69,59): error CS0104: 'Color' is an ambiguous reference between 'System.Drawing.Color' and 'System.Windows.Media.Color' [C:\Users\BGiantMountain\Documents\GitHub\ShortcutManagerTool\ShortcutManager.csproj]
C:\Users\BGiantMountain\Documents\GitHub\ShortcutManagerTool\MainWindow.xaml.cs(85,13): error CS0103: The name 'LangBtn' does not exist in the current context [C:\Users\BGiantMountain\Documents\GitHub\ShortcutManagerTool\ShortcutManager.csproj]
C:\Users\BGiantMountain\Documents\GitHub\ShortcutManagerTool\MainWindow.xaml.cs(86,13): error CS0103: The name 'MainWindowEl' does not exist in the current context [C:\Users\BGiantMountain\Documents\GitHub\ShortcutManagerTool\ShortcutManager.csproj]
C:\Users\BGiantMountain\Documents\GitHub\ShortcutManagerTool\MainWindow.xaml.cs(123,30): error CS0104: 'OpenFileDialog' is an ambiguous reference between 'System.Windows.Forms.OpenFileDialog' and 'Microsoft.Win32.OpenFileDialog' [C:\Users\BGiantMountain\Documents\GitHub\ShortcutManagerTool\ShortcutManager.csproj]
C:\Users\BGiantMountain\Documents\GitHub\ShortcutManagerTool\MainWindow.xaml.cs(154,27): warning CS8600: Converting null literal or possible null value to non-nullable type. [C:\Users\BGiantMountain\Documents\GitHub\ShortcutManagerTool\ShortcutManager.csproj]
C:\Users\BGiantMountain\Documents\GitHub\ShortcutManagerTool\MainWindow.xaml.cs(246,17): error CS0104: 'MessageBox' is an ambiguous reference between 'System.Windows.Forms.MessageBox' and 'System.Windows.MessageBox' [C:\Users\BGiantMountain\Documents\GitHub\ShortcutManagerTool\ShortcutManager.csproj]
C:\Users\BGiantMountain\Documents\GitHub\ShortcutManagerTool\MainWindow.xaml.cs(268,21): error CS0104: 'MessageBox' is an ambiguous reference between 'System.Windows.Forms.MessageBox' and 'System.Windows.MessageBox' [C:\Users\BGiantMountain\Documents\GitHub\ShortcutManagerTool\ShortcutManager.csproj]
C:\Users\BGiantMountain\Documents\GitHub\ShortcutManagerTool\MainWindow.xaml.cs(283,17): error CS0104: 'MessageBox' is an ambiguous reference between 'System.Windows.Forms.MessageBox' and 'System.Windows.MessageBox' [C:\Users\BGiantMountain\Documents\GitHub\ShortcutManagerTool\ShortcutManager.csproj]
C:\Users\BGiantMountain\Documents\GitHub\ShortcutManagerTool\MainWindow.xaml.cs(379,30): error CS0104: 'OpenFileDialog' is an ambiguous reference between 'System.Windows.Forms.OpenFileDialog' and 'Microsoft.Win32.OpenFileDialog' [C:\Users\BGiantMountain\Documents\GitHub\ShortcutManagerTool\ShortcutManager.csproj]
C:\Users\BGiantMountain\Documents\GitHub\ShortcutManagerTool\MainWindow.xaml.cs(399,17): error CS0104: 'MessageBox' is an ambiguous reference between 'System.Windows.Forms.MessageBox' and 'System.Windows.MessageBox' [C:\Users\BGiantMountain\Documents\GitHub\ShortcutManagerTool\ShortcutManager.csproj]
C:\Users\BGiantMountain\Documents\GitHub\ShortcutManagerTool\MainWindow.xaml.cs(391,34): warning CS8600: Converting null literal or possible null value to non-nullable type. [C:\Users\BGiantMountain\Documents\GitHub\ShortcutManagerTool\ShortcutManager.csproj]
C:\Users\BGiantMountain\Documents\GitHub\ShortcutManagerTool\MainWindow.xaml.cs(392,58): warning CS8604: Possible null reference argument for parameter 'type' in 'object? Activator.CreateInstance(Type type)'. [C:\Users\BGiantMountain\Documents\GitHub\ShortcutManagerTool\ShortcutManager.csproj]
C:\Users\BGiantMountain\Documents\GitHub\ShortcutManagerTool\MainWindow.xaml.cs(392,33): warning CS8600: Converting null literal or possible null value to non-nullable type. [C:\Users\BGiantMountain\Documents\GitHub\ShortcutManagerTool\ShortcutManager.csproj]
C:\Users\BGiantMountain\Documents\GitHub\ShortcutManagerTool\MainWindow.xaml.cs(393,32): warning CS8602: Dereference of a possibly null reference. [C:\Users\BGiantMountain\Documents\GitHub\ShortcutManagerTool\ShortcutManager.csproj]
C:\Users\BGiantMountain\Documents\GitHub\ShortcutManagerTool\MainWindow.xaml.cs(424,17): error CS0104: 'MessageBox' is an ambiguous reference between 'System.Windows.Forms.MessageBox' and 'System.Windows.MessageBox' [C:\Users\BGiantMountain\Documents\GitHub\ShortcutManagerTool\ShortcutManager.csproj]
C:\Users\BGiantMountain\Documents\GitHub\ShortcutManagerTool\MainWindow.xaml.cs(411,34): warning CS8600: Converting null literal or possible null value to non-nullable type. [C:\Users\BGiantMountain\Documents\GitHub\ShortcutManagerTool\ShortcutManager.csproj]
C:\Users\BGiantMountain\Documents\GitHub\ShortcutManagerTool\MainWindow.xaml.cs(412,58): warning CS8604: Possible null reference argument for parameter 'type' in 'object? Activator.CreateInstance(Type type)'. [C:\Users\BGiantMountain\Documents\GitHub\ShortcutManagerTool\ShortcutManager.csproj]
C:\Users\BGiantMountain\Documents\GitHub\ShortcutManagerTool\MainWindow.xaml.cs(412,33): warning CS8600: Converting null literal or possible null value to non-nullable type. [C:\Users\BGiantMountain\Documents\GitHub\ShortcutManagerTool\ShortcutManager.csproj]
C:\Users\BGiantMountain\Documents\GitHub\ShortcutManagerTool\MainWindow.xaml.cs(413,32): warning CS8602: Dereference of a possibly null reference. [C:\Users\BGiantMountain\Documents\GitHub\ShortcutManagerTool\ShortcutManager.csproj]
C:\Users\BGiantMountain\Documents\GitHub\ShortcutManagerTool\MainWindow.xaml.cs(446,42): warning CS8600: Converting null literal or possible null value to non-nullable type. [C:\Users\BGiantMountain\Documents\GitHub\ShortcutManagerTool\ShortcutManager.csproj]
C:\Users\BGiantMountain\Documents\GitHub\ShortcutManagerTool\MainWindow.xaml.cs(451,74): warning CS8604: Possible null reference argument for parameter 'type' in 'object? Activator.CreateInstance(Type type)'. [C:\Users\BGiantMountain\Documents\GitHub\ShortcutManagerTool\ShortcutManager.csproj]
C:\Users\BGiantMountain\Documents\GitHub\ShortcutManagerTool\MainWindow.xaml.cs(451,49): warning CS8600: Converting null literal or possible null value to non-nullable type. [C:\Users\BGiantMountain\Documents\GitHub\ShortcutManagerTool\ShortcutManager.csproj]
C:\Users\BGiantMountain\Documents\GitHub\ShortcutManagerTool\MainWindow.xaml.cs(452,42): warning CS8602: Dereference of a possibly null reference. [C:\Users\BGiantMountain\Documents\GitHub\ShortcutManagerTool\ShortcutManager.csproj]

Build FAILED.

C:\Users\BGiantMountain\Documents\GitHub\ShortcutManagerTool\MainWindow.xaml.cs(497,50): warning CS8612: Nullability of reference types in type of 'event PropertyChangedEventHandler ExeFileItem.PropertyChanged' doesn't match implicitly implemented member 'event PropertyChangedEventHandler? INotifyPropertyChanged.PropertyChanged'. [C:\Users\BGiantMountain\Documents\GitHub\ShortcutManagerTool\ShortcutManager.csproj]
C:\Users\BGiantMountain\Documents\GitHub\ShortcutManagerTool\MainWindow.xaml.cs(502,23): warning CS8618: Non-nullable property 'Name' must contain a non-null value when exiting constructor. Consider adding the 'required' modifier or declaring the property as nullable. [C:\Users\BGiantMountain\Documents\GitHub\ShortcutManagerTool\ShortcutManager.csproj]
C:\Users\BGiantMountain\Documents\GitHub\ShortcutManagerTool\MainWindow.xaml.cs(503,23): warning CS8618: Non-nullable property 'TargetPath' must contain a non-null value when exiting constructor. Consider adding the 'required' modifier or declaring the property as nullable. [C:\Users\BGiantMountain\Documents\GitHub\ShortcutManagerTool\ShortcutManager.csproj]
C:\Users\BGiantMountain\Documents\GitHub\ShortcutManagerTool\MainWindow.xaml.cs(504,23): warning CS8618: Non-nullable property 'ShortcutPath' must contain a non-null value when exiting constructor. Consider adding the 'required' modifier or declaring the property as nullable. [C:\Users\BGiantMountain\Documents\GitHub\ShortcutManagerTool\ShortcutManager.csproj]
C:\Users\BGiantMountain\Documents\GitHub\ShortcutManagerTool\MainWindow.xaml.cs(473,23): warning CS8618: Non-nullable property 'FolderName' must contain a non-null value when exiting constructor. Consider adding the 'required' modifier or declaring the property as nullable. [C:\Users\BGiantMountain\Documents\GitHub\ShortcutManagerTool\ShortcutManager.csproj]
C:\Users\BGiantMountain\Documents\GitHub\ShortcutManagerTool\MainWindow.xaml.cs(479,23): warning CS8618: Non-nullable property 'RelativePath' must contain a non-null value when exiting constructor. Consider adding the 'required' modifier or declaring the property as nullable. [C:\Users\BGiantMountain\Documents\GitHub\ShortcutManagerTool\ShortcutManager.csproj]
C:\Users\BGiantMountain\Documents\GitHub\ShortcutManagerTool\MainWindow.xaml.cs(480,23): warning CS8618: Non-nullable property 'FullPath' must contain a non-null value when exiting constructor. Consider adding the 'required' modifier or declaring the property as nullable. [C:\Users\BGiantMountain\Documents\GitHub\ShortcutManagerTool\ShortcutManager.csproj]
C:\Users\BGiantMountain\Documents\GitHub\ShortcutManagerTool\MainWindow.xaml.cs(481,23): warning CS8618: Non-nullable property 'FileName' must contain a non-null value when exiting constructor. Consider adding the 'required' modifier or declaring the property as nullable. [C:\Users\BGiantMountain\Documents\GitHub\ShortcutManagerTool\ShortcutManager.csproj]
C:\Users\BGiantMountain\Documents\GitHub\ShortcutManagerTool\MainWindow.xaml.cs(483,24): warning CS8618: Non-nullable field '_customName' must contain a non-null value when exiting constructor. Consider adding the 'required' modifier or declaring the field as nullable. [C:\Users\BGiantMountain\Documents\GitHub\ShortcutManagerTool\ShortcutManager.csproj]
C:\Users\BGiantMountain\Documents\GitHub\ShortcutManagerTool\MainWindow.xaml.cs(497,50): warning CS8618: Non-nullable event 'PropertyChanged' must contain a non-null value when exiting constructor. Consider adding the 'required' modifier or declaring the event as nullable. [C:\Users\BGiantMountain\Documents\GitHub\ShortcutManagerTool\ShortcutManager.csproj]
C:\Users\BGiantMountain\Documents\GitHub\ShortcutManagerTool\MainWindow.xaml.cs(35,16): warning CS8618: Non-nullable field '_systemDrives' must contain a non-null value when exiting constructor. Consider adding the 'required' modifier or declaring the field as nullable. [C:\Users\BGiantMountain\Documents\GitHub\ShortcutManagerTool\ShortcutManager.csproj]
C:\Users\BGiantMountain\Documents\GitHub\ShortcutManagerTool\MainWindow.xaml.cs(154,27): warning CS8600: Converting null literal or possible null value to non-nullable type. [C:\Users\BGiantMountain\Documents\GitHub\ShortcutManagerTool\ShortcutManager.csproj]
C:\Users\BGiantMountain\Documents\GitHub\ShortcutManagerTool\MainWindow.xaml.cs(391,34): warning CS8600: Converting null literal or possible null value to non-nullable type. [C:\Users\BGiantMountain\Documents\GitHub\ShortcutManagerTool\ShortcutManager.csproj]
C:\Users\BGiantMountain\Documents\GitHub\ShortcutManagerTool\MainWindow.xaml.cs(392,58): warning CS8604: Possible null reference argument for parameter 'type' in 'object? Activator.CreateInstance(Type type)'. [C:\Users\BGiantMountain\Documents\GitHub\ShortcutManagerTool\ShortcutManager.csproj]
C:\Users\BGiantMountain\Documents\GitHub\ShortcutManagerTool\MainWindow.xaml.cs(392,33): warning CS8600: Converting null literal or possible null value to non-nullable type. [C:\Users\BGiantMountain\Documents\GitHub\ShortcutManagerTool\ShortcutManager.csproj]
C:\Users\BGiantMountain\Documents\GitHub\ShortcutManagerTool\MainWindow.xaml.cs(393,32): warning CS8602: Dereference of a possibly null reference. [C:\Users\BGiantMountain\Documents\GitHub\ShortcutManagerTool\ShortcutManager.csproj]
C:\Users\BGiantMountain\Documents\GitHub\ShortcutManagerTool\MainWindow.xaml.cs(411,34): warning CS8600: Converting null literal or possible null value to non-nullable type. [C:\Users\BGiantMountain\Documents\GitHub\ShortcutManagerTool\ShortcutManager.csproj]
C:\Users\BGiantMountain\Documents\GitHub\ShortcutManagerTool\MainWindow.xaml.cs(412,58): warning CS8604: Possible null reference argument for parameter 'type' in 'object? Activator.CreateInstance(Type type)'. [C:\Users\BGiantMountain\Documents\GitHub\ShortcutManagerTool\ShortcutManager.csproj]
C:\Users\BGiantMountain\Documents\GitHub\ShortcutManagerTool\MainWindow.xaml.cs(412,33): warning CS8600: Converting null literal or possible null value to non-nullable type. [C:\Users\BGiantMountain\Documents\GitHub\ShortcutManagerTool\ShortcutManager.csproj]
C:\Users\BGiantMountain\Documents\GitHub\ShortcutManagerTool\MainWindow.xaml.cs(413,32): warning CS8602: Dereference of a possibly null reference. [C:\Users\BGiantMountain\Documents\GitHub\ShortcutManagerTool\ShortcutManager.csproj]
C:\Users\BGiantMountain\Documents\GitHub\ShortcutManagerTool\MainWindow.xaml.cs(446,42): warning CS8600: Converting null literal or possible null value to non-nullable type. [C:\Users\BGiantMountain\Documents\GitHub\ShortcutManagerTool\ShortcutManager.csproj]
C:\Users\BGiantMountain\Documents\GitHub\ShortcutManagerTool\MainWindow.xaml.cs(451,74): warning CS8604: Possible null reference argument for parameter 'type' in 'object? Activator.CreateInstance(Type type)'. [C:\Users\BGiantMountain\Documents\GitHub\ShortcutManagerTool\ShortcutManager.csproj]
C:\Users\BGiantMountain\Documents\GitHub\ShortcutManagerTool\MainWindow.xaml.cs(451,49): warning CS8600: Converting null literal or possible null value to non-nullable type. [C:\Users\BGiantMountain\Documents\GitHub\ShortcutManagerTool\ShortcutManager.csproj]
C:\Users\BGiantMountain\Documents\GitHub\ShortcutManagerTool\MainWindow.xaml.cs(452,42): warning CS8602: Dereference of a possibly null reference. [C:\Users\BGiantMountain\Documents\GitHub\ShortcutManagerTool\ShortcutManager.csproj]
C:\Users\BGiantMountain\Documents\GitHub\ShortcutManagerTool\MainWindow.xaml.cs(63,65): error CS0104: 'ColorConverter' is an ambiguous reference between 'System.Drawing.ColorConverter' and 'System.Windows.Media.ColorConverter' [C:\Users\BGiantMountain\Documents\GitHub\ShortcutManagerTool\ShortcutManager.csproj]
C:\Users\BGiantMountain\Documents\GitHub\ShortcutManagerTool\MainWindow.xaml.cs(63,59): error CS0104: 'Color' is an ambiguous reference between 'System.Drawing.Color' and 'System.Windows.Media.Color' [C:\Users\BGiantMountain\Documents\GitHub\ShortcutManagerTool\ShortcutManager.csproj]
C:\Users\BGiantMountain\Documents\GitHub\ShortcutManagerTool\MainWindow.xaml.cs(69,65): error CS0104: 'ColorConverter' is an ambiguous reference between 'System.Drawing.ColorConverter' and 'System.Windows.Media.ColorConverter' [C:\Users\BGiantMountain\Documents\GitHub\ShortcutManagerTool\ShortcutManager.csproj]
C:\Users\BGiantMountain\Documents\GitHub\ShortcutManagerTool\MainWindow.xaml.cs(69,59): error CS0104: 'Color' is an ambiguous reference between 'System.Drawing.Color' and 'System.Windows.Media.Color' [C:\Users\BGiantMountain\Documents\GitHub\ShortcutManagerTool\ShortcutManager.csproj]
C:\Users\BGiantMountain\Documents\GitHub\ShortcutManagerTool\MainWindow.xaml.cs(85,13): error CS0103: The name 'LangBtn' does not exist in the current context [C:\Users\BGiantMountain\Documents\GitHub\ShortcutManagerTool\ShortcutManager.csproj]
C:\Users\BGiantMountain\Documents\GitHub\ShortcutManagerTool\MainWindow.xaml.cs(86,13): error CS0103: The name 'MainWindowEl' does not exist in the current context [C:\Users\BGiantMountain\Documents\GitHub\ShortcutManagerTool\ShortcutManager.csproj]
C:\Users\BGiantMountain\Documents\GitHub\ShortcutManagerTool\MainWindow.xaml.cs(123,30): error CS0104: 'OpenFileDialog' is an ambiguous reference between 'System.Windows.Forms.OpenFileDialog' and 'Microsoft.Win32.OpenFileDialog' [C:\Users\BGiantMountain\Documents\GitHub\ShortcutManagerTool\ShortcutManager.csproj]
C:\Users\BGiantMountain\Documents\GitHub\ShortcutManagerTool\MainWindow.xaml.cs(246,17): error CS0104: 'MessageBox' is an ambiguous reference between 'System.Windows.Forms.MessageBox' and 'System.Windows.MessageBox' [C:\Users\BGiantMountain\Documents\GitHub\ShortcutManagerTool\ShortcutManager.csproj]
C:\Users\BGiantMountain\Documents\GitHub\ShortcutManagerTool\MainWindow.xaml.cs(268,21): error CS0104: 'MessageBox' is an ambiguous reference between 'System.Windows.Forms.MessageBox' and 'System.Windows.MessageBox' [C:\Users\BGiantMountain\Documents\GitHub\ShortcutManagerTool\ShortcutManager.csproj]
C:\Users\BGiantMountain\Documents\GitHub\ShortcutManagerTool\MainWindow.xaml.cs(283,17): error CS0104: 'MessageBox' is an ambiguous reference between 'System.Windows.Forms.MessageBox' and 'System.Windows.MessageBox' [C:\Users\BGiantMountain\Documents\GitHub\ShortcutManagerTool\ShortcutManager.csproj]
C:\Users\BGiantMountain\Documents\GitHub\ShortcutManagerTool\MainWindow.xaml.cs(379,30): error CS0104: 'OpenFileDialog' is an ambiguous reference between 'System.Windows.Forms.OpenFileDialog' and 'Microsoft.Win32.OpenFileDialog' [C:\Users\BGiantMountain\Documents\GitHub\ShortcutManagerTool\ShortcutManager.csproj]
C:\Users\BGiantMountain\Documents\GitHub\ShortcutManagerTool\MainWindow.xaml.cs(399,17): error CS0104: 'MessageBox' is an ambiguous reference between 'System.Windows.Forms.MessageBox' and 'System.Windows.MessageBox' [C:\Users\BGiantMountain\Documents\GitHub\ShortcutManagerTool\ShortcutManager.csproj]
C:\Users\BGiantMountain\Documents\GitHub\ShortcutManagerTool\MainWindow.xaml.cs(424,17): error CS0104: 'MessageBox' is an ambiguous reference between 'System.Windows.Forms.MessageBox' and 'System.Windows.MessageBox' [C:\Users\BGiantMountain\Documents\GitHub\ShortcutManagerTool\ShortcutManager.csproj]
    24 Warning(s)
    13 Error(s)

Time Elapsed 00:00:00.67
